2026-04-17 19:44:37 [info]: 🚀 中华宫殿后端服务已启动
2026-04-17 19:44:37 [info]: 📚 API文档: http://localhost:3001/api-docs
2026-04-17 19:44:37 [info]: ❤️  健康检查: http://localhost:3001/api/health
2026-04-17 19:44:37 [info]: 🌐 环境: development
2026-04-17 19:44:37 [info]: 
可用接口:
2026-04-17 19:44:37 [info]:   GET  /api/palaces            - 获取所有宫殿
2026-04-17 19:44:37 [info]:   GET  /api/palaces/:id        - 获取宫殿详情
2026-04-17 19:44:37 [info]:   GET  /api/palaces/statistics - 获取统计数据
2026-04-17 19:44:37 [info]:   GET  /api/palaces/overview   - 获取总览数据
2026-04-17 19:44:37 [info]:   GET  /api/palaces/compare    - 宫殿对比
2026-04-17 19:44:37 [info]:   POST /api/auth/register      - 用户注册
2026-04-17 19:44:37 [info]:   POST /api/auth/login         - 用户登录
2026-04-17 19:44:37 [info]:   GET  /api/auth/profile       - 获取用户信息
2026-04-17 20:00:12 [info]: 🚀 中华宫殿后端服务已启动
2026-04-17 20:00:12 [info]: 📚 API文档: http://localhost:3001/api-docs
2026-04-17 20:00:12 [info]: ❤️  健康检查: http://localhost:3001/api/health
2026-04-17 20:00:12 [info]: 🌐 环境: development
2026-04-17 20:00:12 [info]: 
可用接口:
2026-04-17 20:00:12 [info]:   GET  /api/palaces            - 获取所有宫殿
2026-04-17 20:00:12 [info]:   GET  /api/palaces/:id        - 获取宫殿详情
2026-04-17 20:00:12 [info]:   GET  /api/palaces/statistics - 获取统计数据
2026-04-17 20:00:12 [info]:   GET  /api/palaces/overview   - 获取总览数据
2026-04-17 20:00:12 [info]:   GET  /api/palaces/compare    - 宫殿对比
2026-04-17 20:00:12 [info]:   POST /api/auth/register      - 用户注册
2026-04-17 20:00:12 [info]:   POST /api/auth/login         - 用户登录
2026-04-17 20:00:12 [info]:   GET  /api/auth/profile       - 获取用户信息
2026-04-17 20:02:09 [warn]: Route not found: GET /api/materials
2026-04-17 20:02:09 [info]: GET /api/materials {"statusCode":404,"duration":"5ms","ip":"::1"}
2026-04-17 20:02:09 [warn]: Route not found: GET /api/craft-timeline
2026-04-17 20:02:09 [info]: GET /api/craft-timeline {"statusCode":404,"duration":"1ms","ip":"::1"}
2026-04-17 20:02:48 [info]: 🚀 中华宫殿后端服务已启动
2026-04-17 20:02:48 [info]: 📚 API文档: http://localhost:3001/api-docs
2026-04-17 20:02:48 [info]: ❤️  健康检查: http://localhost:3001/api/health
2026-04-17 20:02:48 [info]: 🌐 环境: development
2026-04-17 20:02:48 [info]: 
可用接口:
2026-04-17 20:02:48 [info]:   GET  /api/palaces            - 获取所有宫殿
2026-04-17 20:02:48 [info]:   GET  /api/palaces/:id        - 获取宫殿详情
2026-04-17 20:02:48 [info]:   GET  /api/palaces/statistics - 获取统计数据
2026-04-17 20:02:48 [info]:   GET  /api/palaces/overview   - 获取总览数据
2026-04-17 20:02:48 [info]:   GET  /api/palaces/compare    - 宫殿对比
2026-04-17 20:02:48 [info]:   POST /api/auth/register      - 用户注册
2026-04-17 20:02:48 [info]:   POST /api/auth/login         - 用户登录
2026-04-17 20:02:48 [info]:   GET  /api/auth/profile       - 获取用户信息
2026-04-17 20:05:08 [info]: GET / {"statusCode":200,"duration":"6ms","ip":"::1"}
2026-04-17 20:05:12 [info]: GET /api/materials {"statusCode":200,"duration":"1ms","ip":"::1"}
2026-04-17 20:05:12 [info]: GET /api/craft-timeline {"statusCode":200,"duration":"1ms","ip":"::1"}
2026-04-17 20:05:16 [warn]: Route not found: GET /api/achievements
2026-04-17 20:05:16 [info]: GET /api/achievements {"statusCode":404,"duration":"1ms","ip":"::1"}
2026-04-17 20:05:16 [warn]: Route not found: GET /api/influence
2026-04-17 20:05:16 [info]: GET /api/influence {"statusCode":404,"duration":"1ms","ip":"::1"}
2026-04-17 20:05:40 [info]: GET / {"statusCode":200,"duration":"1ms","ip":"::1"}
2026-04-17 20:05:55 [info]: GET / {"statusCode":200,"duration":"1ms","ip":"::1"}
2026-04-17 20:05:59 [info]: GET /api/health {"statusCode":200,"duration":"1ms","ip":"::1"}
2026-04-17 20:05:59 [warn]: Route not found: GET /@vite/client
2026-04-17 20:05:59 [info]: GET /@vite/client {"statusCode":404,"duration":"2ms","ip":"::1"}
2026-04-17 20:06:01 [info]: GET / {"statusCode":200,"duration":"1ms","ip":"::1"}
2026-04-17 20:06:01 [warn]: Route not found: GET /@vite/client
2026-04-17 20:06:01 [info]: GET /@vite/client {"statusCode":404,"duration":"1ms","ip":"::1"}
2026-04-17 20:06:06 [info]: GET /materials {"statusCode":200,"duration":"1ms","ip":"::1"}
2026-04-17 20:06:06 [warn]: Route not found: GET /@vite/client
2026-04-17 20:06:06 [info]: GET /@vite/client {"statusCode":404,"duration":"1ms","ip":"::1"}
2026-04-17 20:06:09 [info]: GET /craft-timeline {"statusCode":200,"duration":"1ms","ip":"::1"}
2026-04-17 20:06:09 [warn]: Route not found: GET /@vite/client
2026-04-17 20:06:09 [info]: GET /@vite/client {"statusCode":404,"duration":"1ms","ip":"::1"}
2026-04-17 20:06:11 [info]: GET /statistics {"statusCode":200,"duration":"2ms","ip":"::1"}
2026-04-17 20:06:11 [warn]: Route not found: GET /@vite/client
2026-04-17 20:06:11 [info]: GET /@vite/client {"statusCode":404,"duration":"1ms","ip":"::1"}
2026-04-17 20:06:13 [info]: GET /overview {"statusCode":200,"duration":"2ms","ip":"::1"}
2026-04-17 20:06:13 [warn]: Route not found: GET /@vite/client
2026-04-17 20:06:13 [info]: GET /@vite/client {"statusCode":404,"duration":"1ms","ip":"::1"}
2026-04-17 20:06:18 [warn]: Route not found: GET /api/auth/register
2026-04-17 20:06:18 [info]: GET /api/auth/register {"statusCode":404,"duration":"1ms","ip":"::1"}
2026-04-17 20:06:18 [warn]: Route not found: GET /@vite/client
2026-04-17 20:06:18 [info]: GET /@vite/client {"statusCode":404,"duration":"1ms","ip":"::1"}
2026-04-17 20:06:21 [warn]: Route not found: GET /api/auth/login
2026-04-17 20:06:21 [info]: GET /api/auth/login {"statusCode":404,"duration":"1ms","ip":"::1"}
2026-04-17 20:06:21 [warn]: Route not found: GET /@vite/client
2026-04-17 20:06:21 [info]: GET /@vite/client {"statusCode":404,"duration":"1ms","ip":"::1"}
2026-04-17 20:06:22 [warn]: Route not found: GET /api/auth/login
2026-04-17 20:06:22 [info]: GET /api/auth/login {"statusCode":404,"duration":"2ms","ip":"::1"}
2026-04-17 20:06:22 [warn]: Route not found: GET /@vite/client
2026-04-17 20:06:22 [info]: GET /@vite/client {"statusCode":404,"duration":"2ms","ip":"::1"}
2026-04-17 20:06:25 [warn]: Route not found: GET /api/auth/login
2026-04-17 20:06:25 [info]: GET /api/auth/login {"statusCode":404,"duration":"2ms","ip":"::1"}
2026-04-17 20:06:25 [warn]: Route not found: GET /@vite/client
2026-04-17 20:06:25 [info]: GET /@vite/client {"statusCode":404,"duration":"1ms","ip":"::1"}
2026-04-17 20:06:26 [info]: GET /profile {"statusCode":401,"duration":"1ms","ip":"::1"}
2026-04-17 20:06:26 [warn]: Route not found: GET /@vite/client
2026-04-17 20:06:26 [info]: GET /@vite/client {"statusCode":404,"duration":"1ms","ip":"::1"}
2026-04-17 20:06:27 [info]: GET /profile {"statusCode":401,"duration":"1ms","ip":"::1"}
2026-04-17 20:06:27 [warn]: Route not found: GET /@vite/client
2026-04-17 20:06:27 [info]: GET /@vite/client {"statusCode":404,"duration":"1ms","ip":"::1"}
2026-04-17 20:18:24 [info]: 🚀 中华宫殿后端服务已启动
2026-04-17 20:18:24 [info]: ❤️  健康检查: http://localhost:3001/api/health
2026-04-17 20:18:24 [info]: 🌐 环境: development
2026-04-17 20:18:24 [info]: 
可用接口:
2026-04-17 20:18:24 [info]:   GET  /api/palaces            - 获取所有宫殿
2026-04-17 20:18:24 [info]:   GET  /api/palaces/:id        - 获取宫殿详情
2026-04-17 20:18:24 [info]:   GET  /api/palaces/statistics - 获取统计数据
2026-04-17 20:18:24 [info]:   GET  /api/palaces/overview   - 获取总览数据
2026-04-17 20:18:24 [info]:   GET  /api/palaces/compare    - 宫殿对比
2026-04-17 20:18:24 [info]:   GET  /api/materials           - 获取建筑材料
2026-04-17 20:18:24 [info]:   GET  /api/craft-timeline     - 获取工艺时间线
2026-04-17 20:18:24 [info]:   GET  /api/dynasty-distribution - 朝代分布
2026-04-17 20:18:24 [info]:   GET  /api/area-comparison    - 面积对比
2026-04-17 20:18:24 [info]:   GET  /api/houses-comparison  - 房屋数量对比
2026-04-17 20:18:24 [info]:   GET  /api/year-timeline      - 年代时间线
2026-04-17 20:18:24 [info]:   GET  /api/comprehensive-stats - 综合统计
2026-04-17 20:18:24 [info]:   GET  /api/top-palaces        - 排名宫殿
2026-04-17 20:18:24 [info]:   GET  /api/search             - 搜索宫殿
2026-04-17 20:18:24 [info]:   GET  /api/dynasty/:name     - 按朝代筛选
2026-04-17 20:19:06 [warn]: Route not found: GET /
2026-04-17 20:19:06 [info]: GET / {"statusCode":404,"duration":"8ms","ip":"::1"}
2026-04-17 20:19:06 [warn]: Route not found: GET /@vite/client
2026-04-17 20:19:06 [info]: GET /@vite/client {"statusCode":404,"duration":"2ms","ip":"::1"}
2026-04-17 20:19:08 [warn]: Route not found: GET /
2026-04-17 20:19:08 [info]: GET / {"statusCode":404,"duration":"1ms","ip":"::1"}
2026-04-17 20:19:08 [warn]: Route not found: GET /@vite/client
2026-04-17 20:19:08 [info]: GET /@vite/client {"statusCode":404,"duration":"1ms","ip":"::1"}
2026-04-17 20:19:09 [warn]: Route not found: GET /
2026-04-17 20:19:09 [info]: GET / {"statusCode":404,"duration":"1ms","ip":"::1"}
2026-04-17 20:19:09 [warn]: Route not found: GET /@vite/client
2026-04-17 20:19:09 [info]: GET /@vite/client {"statusCode":404,"duration":"1ms","ip":"::1"}
2026-04-17 20:20:41 [info]: GET / {"statusCode":200,"duration":"3ms","ip":"::1"}
2026-04-17 20:20:45 [info]: GET /materials {"statusCode":200,"duration":"1ms","ip":"::1"}
2026-04-17 20:20:45 [info]: GET /craft-timeline {"statusCode":200,"duration":"1ms","ip":"::1"}
2026-04-17 20:20:47 [info]: GET /achievements {"statusCode":400,"duration":"1ms","ip":"::1"}
2026-04-17 20:20:47 [info]: GET /influence {"statusCode":400,"duration":"0ms","ip":"::1"}
2026-04-17 20:20:55 [warn]: Route not found: GET /
2026-04-17 20:20:55 [info]: GET / {"statusCode":404,"duration":"1ms","ip":"::1"}
2026-04-17 20:20:55 [warn]: Route not found: GET /@vite/client
2026-04-17 20:20:55 [info]: GET /@vite/client {"statusCode":404,"duration":"1ms","ip":"::1"}
2026-04-17 20:23:02 [info]: 🚀 中华宫殿后端服务已启动
2026-04-17 20:23:02 [info]: ❤️  健康检查: http://localhost:3001/api/health
2026-04-17 20:23:02 [info]: 🌐 环境: development
2026-04-17 20:23:02 [info]: 
可用接口:
2026-04-17 20:23:02 [info]:   GET  /api/palaces            - 获取所有宫殿
2026-04-17 20:23:02 [info]:   GET  /api/palaces/:id        - 获取宫殿详情
2026-04-17 20:23:02 [info]:   GET  /api/palaces/statistics - 获取统计数据
2026-04-17 20:23:02 [info]:   GET  /api/palaces/overview   - 获取总览数据
2026-04-17 20:23:02 [info]:   GET  /api/palaces/compare    - 宫殿对比
2026-04-17 20:23:02 [info]:   GET  /api/materials           - 获取建筑材料
2026-04-17 20:23:02 [info]:   GET  /api/craft-timeline     - 获取工艺时间线
2026-04-17 20:23:02 [info]:   GET  /api/dynasty-distribution - 朝代分布
2026-04-17 20:23:02 [info]:   GET  /api/area-comparison    - 面积对比
2026-04-17 20:23:02 [info]:   GET  /api/houses-comparison  - 房屋数量对比
2026-04-17 20:23:02 [info]:   GET  /api/year-timeline      - 年代时间线
2026-04-17 20:23:02 [info]:   GET  /api/comprehensive-stats - 综合统计
2026-04-17 20:23:02 [info]:   GET  /api/top-palaces        - 排名宫殿
2026-04-17 20:23:02 [info]:   GET  /api/search             - 搜索宫殿
2026-04-17 20:23:02 [info]:   GET  /api/dynasty/:name     - 按朝代筛选
2026-04-17 20:25:11 [warn]: Route not found: GET /
2026-04-17 20:25:11 [info]: GET / {"statusCode":404,"duration":"9ms","ip":"::1"}
2026-04-17 20:25:11 [warn]: Route not found: GET /@vite/client
2026-04-17 20:25:11 [info]: GET /@vite/client {"statusCode":404,"duration":"2ms","ip":"::1"}
2026-04-17 20:25:13 [info]: GET /api {"statusCode":200,"duration":"1ms","ip":"::1"}
2026-04-17 20:25:13 [warn]: Route not found: GET /@vite/client
2026-04-17 20:25:13 [info]: GET /@vite/client {"statusCode":404,"duration":"1ms","ip":"::1"}
2026-04-17 20:25:56 [info]: GET /api/health {"statusCode":200,"duration":"2ms","ip":"::1"}
2026-04-17 20:25:56 [warn]: Route not found: GET /@vite/client
2026-04-17 20:25:56 [info]: GET /@vite/client {"statusCode":404,"duration":"2ms","ip":"::1"}
2026-04-17 20:25:59 [info]: GET /api/palaces {"statusCode":200,"duration":"1ms","ip":"::1"}
2026-04-17 20:25:59 [warn]: Route not found: GET /@vite/client
2026-04-17 20:25:59 [info]: GET /@vite/client {"statusCode":404,"duration":"1ms","ip":"::1"}
2026-04-17 20:26:01 [info]: GET /api/palaces/:id {"statusCode":400,"duration":"2ms","ip":"::1"}
2026-04-17 20:26:01 [warn]: Route not found: GET /@vite/client
2026-04-17 20:26:01 [info]: GET /@vite/client {"statusCode":404,"duration":"1ms","ip":"::1"}
2026-04-17 20:27:20 [info]: GET /api/top-palaces {"statusCode":200,"duration":"1ms","ip":"::1"}
2026-04-17 20:27:20 [warn]: Route not found: GET /@vite/client
2026-04-17 20:27:20 [info]: GET /@vite/client {"statusCode":404,"duration":"1ms","ip":"::1"}
2026-04-17 21:08:27 [info]: 🚀 中华宫殿后端服务已启动
2026-04-17 21:08:27 [info]: ❤️  健康检查: http://localhost:3001/api/health
2026-04-17 21:08:27 [info]: 🌐 环境: development
2026-04-17 21:08:27 [info]: 
可用接口:
2026-04-17 21:08:27 [info]:   GET  /api/palaces            - 获取所有宫殿
2026-04-17 21:08:27 [info]:   GET  /api/palaces/:id        - 获取宫殿详情
2026-04-17 21:08:27 [info]:   GET  /api/palaces/statistics - 获取统计数据
2026-04-17 21:08:27 [info]:   GET  /api/palaces/overview   - 获取总览数据
2026-04-17 21:08:27 [info]:   GET  /api/palaces/compare    - 宫殿对比
2026-04-17 21:08:27 [info]:   GET  /api/materials           - 获取建筑材料
2026-04-17 21:08:27 [info]:   GET  /api/craft-timeline     - 获取工艺时间线
2026-04-17 21:08:27 [info]:   GET  /api/dynasty-distribution - 朝代分布
2026-04-17 21:08:27 [info]:   GET  /api/area-comparison    - 面积对比
2026-04-17 21:08:27 [info]:   GET  /api/houses-comparison  - 房屋数量对比
2026-04-17 21:08:27 [info]:   GET  /api/year-timeline      - 年代时间线
2026-04-17 21:08:27 [info]:   GET  /api/comprehensive-stats - 综合统计
2026-04-17 21:08:27 [info]:   GET  /api/top-palaces        - 排名宫殿
2026-04-17 21:08:27 [info]:   GET  /api/search             - 搜索宫殿
2026-04-17 21:08:27 [info]:   GET  /api/dynasty/:name     - 按朝代筛选
2026-04-17 21:11:31 [info]: GET /api/health {"statusCode":200,"duration":"8ms","ip":"::1"}
2026-04-17 21:11:31 [warn]: Route not found: GET /@vite/client
2026-04-17 21:11:31 [info]: GET /@vite/client {"statusCode":404,"duration":"3ms","ip":"::1"}
2026-04-17 21:11:34 [info]: GET /api/health {"statusCode":200,"duration":"1ms","ip":"::1"}
2026-04-17 21:11:34 [warn]: Route not found: GET /@vite/client
2026-04-17 21:11:34 [info]: GET /@vite/client {"statusCode":404,"duration":"1ms","ip":"::1"}
2026-04-17 21:12:07 [info]: GET /api/palaces {"statusCode":200,"duration":"1ms","ip":"::1"}
2026-04-17 21:12:11 [info]: GET /api/craft-timeline {"statusCode":200,"duration":"1ms","ip":"::1"}
2026-04-17 21:12:11 [info]: GET /api/materials {"statusCode":200,"duration":"1ms","ip":"::1"}
2026-04-17 21:12:12 [warn]: Route not found: GET /api/achievements
2026-04-17 21:12:12 [info]: GET /api/achievements {"statusCode":404,"duration":"1ms","ip":"::1"}
2026-04-17 21:12:12 [warn]: Route not found: GET /api/influence
2026-04-17 21:12:12 [info]: GET /api/influence {"statusCode":404,"duration":"1ms","ip":"::1"}
2026-04-17 21:13:00 [info]: GET /api/palaces {"statusCode":200,"duration":"1ms","ip":"::1"}
2026-04-17 21:13:00 [warn]: Route not found: GET /@vite/client
2026-04-17 21:13:00 [info]: GET /@vite/client {"statusCode":404,"duration":"1ms","ip":"::1"}
2026-04-17 22:01:43 [info]: GET /api/palaces {"statusCode":200,"duration":"3ms","ip":"::1"}
2026-04-17 22:01:45 [info]: GET /api/materials {"statusCode":200,"duration":"1ms","ip":"::1"}
2026-04-17 22:01:45 [info]: GET /api/craft-timeline {"statusCode":200,"duration":"1ms","ip":"::1"}
2026-04-17 22:01:46 [warn]: Route not found: GET /api/achievements
2026-04-17 22:01:46 [info]: GET /api/achievements {"statusCode":404,"duration":"0ms","ip":"::1"}
2026-04-17 22:01:46 [warn]: Route not found: GET /api/influence
2026-04-17 22:01:46 [info]: GET /api/influence {"statusCode":404,"duration":"0ms","ip":"::1"}
